ASxxxx Linker V03.00/V05.40 + sdld,  page 1.
Hexadecimal  [32-Bits]

Area                                    Addr        Size        Decimal Bytes (Attributes)
--------------------------------        ----        ----        ------- ----- ------------
.  .ABS.                            00000000    00000000 =           0. bytes (ABS,CON)

      Value  Global                              Global Defined In Module
      -----  --------------------------------   ------------------------
     00000000  .__.ABS.                           
     00000000  _rRAMG                             
     00000000  l__BASE                         
     00000000  l__BSS                          
     00000000  l__CABS                         
     00000000  l__CODE_0                       
     00000000  l__CRASH_HEADER                 
     00000000  l__CRASH_SCRATCH                
     00000000  l__DABS                         
     00000000  l__HEADER                       
     00000000  l__HEADER_LCD                   
     00000000  l__HEADER_SIO                   
     00000000  l__HEADER_TIMER                 
     00000000  l__HEAP                         
     00000000  l__HEAP_END                     
     00000000  l__HRAM                         
     00000000  l__LIT                          
     00000000  s__CABS                         
     00000000  s__CRASH_HEADER                 
     00000000  s__CRASH_HEADER0                
     00000000  s__CRASH_HEADER1                
     00000000  s__CRASH_SCRATCH                
     00000000  s__CRASH_SCRATCH2               
     00000000  s__DABS                         
     00000000  s__HEADER                       
     00000000  s__HEADER0                      
     00000000  s__HEADER1                      
     00000000  s__HEADER10                     
     00000000  s__HEADER11                     
     00000000  s__HEADER2                      
     00000000  s__HEADER3                      
     00000000  s__HEADER4                      
     00000000  s__HEADER5                      
     00000000  s__HEADER6                      
     00000000  s__HEADER7                      
     00000000  s__HEADER8                      
     00000000  s__HEADER9                      
     00000000  s__HEADER_LCD                   
     00000000  s__HEADER_LCD0                  
     00000000  s__HEADER_SIO                   
     00000000  s__HEADER_SIO0                  
     00000000  s__HEADER_TIMER                 
     00000000  s__HEADER_TIMER0                
     00000000  s__HEADERa                      
     00000000  s__HEADERb                      
     00000000  s__HEADERc                      
     00000000  s__HEADERd                      
     00000000  s__HEADERe                      
     00000000  s__HEADERf                      
     00000000  s__HRAM                         
ASxxxx Linker V03.00/V05.40 + sdld,  page 2.
Hexadecimal  [32-Bits]

Area                                    Addr        Size        Decimal Bytes (Attributes)
--------------------------------        ----        ----        ------- ----- ------------
.  .ABS.                            00000000    00000000 =           0. bytes (ABS,CON)

      Value  Global                              Global Defined In Module
      -----  --------------------------------   ------------------------
     00000000  s__HRAM12                       
     00000001  ___bank_VM_SGB                     vm_sgb
     00000001  ___bank_VM_SIO                     vm_sio
     00000001  ___bank_scene_14_sprites           scene_14_sprites
     00000001  ___bank_song_blue_ocean_remix_Da   song_blue_ocean_remix_Data
     00000001  b_ui_draw_frame                    ui
     00000001  b_ui_draw_text_buffer_char         ui
     00000001  b_ui_init                          ui
     00000001  b_ui_load_tiles                    ui
     00000001  b_ui_run_menu                      ui
     00000001  b_ui_run_modal                     ui
     00000001  b_ui_set_start_tile                ui
     00000001  b_vm_sio_exchange                  vm_sio
     00000001  b_vm_sio_set_mode                  vm_sio
     00000001  l__GSFINAL                      
     00000001  l__HEADER0                      
     00000001  l__HEADER5                      
     00000001  l__HEADERa                      
     00000001  l__HEADERb                      
     00000001  l__HEADERc                      
     00000001  l__HEADERe                      
     00000001  l__HEADERf                      
     00000002  ___bank_ACTOR                      actor
     00000002  ___bank_VM_ACTOR                   vm_actor
     00000002  ___bank_scene_3_actors             scene_3_actors
     00000002  ___bank_sound_gbfx2_sav_00         sound_gbfx2_sav
     00000002  ___bank_sound_gbfx2_sav_01         sound_gbfx2_sav
     00000002  ___bank_sound_gbfx2_sav_02         sound_gbfx2_sav
     00000002  ___bank_sound_gbfx2_sav_03         sound_gbfx2_sav
     00000002  ___bank_sound_gbfx2_sav_04         sound_gbfx2_sav
     00000002  ___bank_sound_gbfx2_sav_05         sound_gbfx2_sav
     00000002  ___bank_sound_gbfx2_sav_06         sound_gbfx2_sav
     00000002  ___bank_sound_gbfx2_sav_07         sound_gbfx2_sav
     00000002  ___bank_sound_gbfx2_sav_08         sound_gbfx2_sav
     00000002  ___bank_sound_gbfx2_sav_09         sound_gbfx2_sav
     00000002  ___bank_sound_gbfx2_sav_10         sound_gbfx2_sav
     00000002  ___bank_sound_gbfx2_sav_11         sound_gbfx2_sav
     00000002  ___bank_sound_gbfx2_sav_12         sound_gbfx2_sav
     00000002  ___bank_sound_gbfx2_sav_13         sound_gbfx2_sav
     00000002  ___bank_sound_gbfx2_sav_14         sound_gbfx2_sav
     00000002  ___bank_sound_gbfx2_sav_15         sound_gbfx2_sav
     00000002  ___bank_sound_gbfx2_sav_16         sound_gbfx2_sav
     00000002  ___bank_sound_gbfx2_sav_17         sound_gbfx2_sav
     00000002  ___bank_sound_gbfx2_sav_18         sound_gbfx2_sav
     00000002  ___bank_sound_gbfx2_sav_19         sound_gbfx2_sav
     00000002  ___bank_sound_gbfx2_sav_20         sound_gbfx2_sav
     00000002  ___bank_sound_gbfx2_sav_21         sound_gbfx2_sav
     00000002  ___bank_sound_gbfx2_sav_22         sound_gbfx2_sav
     00000002  ___bank_sound_gbfx2_sav_23         sound_gbfx2_sav
     00000002  ___bank_sound_gbfx2_sav_24         sound_gbfx2_sav
     00000002  ___bank_sound_gbfx2_sav_25         sound_gbfx2_sav
ASxxxx Linker V03.00/V05.40 + sdld,  page 3.
Hexadecimal  [32-Bits]

Area                                    Addr        Size        Decimal Bytes (Attributes)
--------------------------------        ----        ----        ------- ----- ------------
.  .ABS.                            00000000    00000000 =           0. bytes (ABS,CON)

      Value  Global                              Global Defined In Module
      -----  --------------------------------   ------------------------
     00000002  ___bank_sound_gbfx2_sav_26         sound_gbfx2_sav
     00000002  ___bank_sound_gbfx2_sav_27         sound_gbfx2_sav
     00000002  ___bank_sound_gbfx2_sav_28         sound_gbfx2_sav
     00000002  ___bank_sound_gbfx2_sav_29         sound_gbfx2_sav
     00000002  ___bank_sound_gbfx2_sav_30         sound_gbfx2_sav
     00000002  ___bank_sound_gbfx2_sav_31         sound_gbfx2_sav
     00000002  ___bank_sound_gbfx2_sav_32         sound_gbfx2_sav
     00000002  ___bank_sound_gbfx2_sav_33         sound_gbfx2_sav
     00000002  ___bank_sound_gbfx2_sav_34         sound_gbfx2_sav
     00000002  ___bank_sound_gbfx2_sav_35         sound_gbfx2_sav
     00000002  ___bank_sound_gbfx2_sav_36         sound_gbfx2_sav
     00000002  ___bank_sound_gbfx2_sav_37         sound_gbfx2_sav
     00000002  ___bank_sound_gbfx2_sav_38         sound_gbfx2_sav
     00000002  ___bank_sound_gbfx2_sav_39         sound_gbfx2_sav
     00000002  ___bank_sound_gbfx2_sav_40         sound_gbfx2_sav
     00000002  ___bank_sound_gbfx2_sav_41         sound_gbfx2_sav
     00000002  ___bank_sound_gbfx2_sav_42         sound_gbfx2_sav
     00000002  ___bank_sound_gbfx2_sav_43         sound_gbfx2_sav
     00000002  ___bank_sound_gbfx2_sav_44         sound_gbfx2_sav
     00000002  ___bank_sound_gbfx2_sav_45         sound_gbfx2_sav
     00000002  ___bank_sound_gbfx2_sav_46         sound_gbfx2_sav
     00000002  ___bank_sound_gbfx2_sav_47         sound_gbfx2_sav
     00000002  ___bank_sound_gbfx2_sav_48         sound_gbfx2_sav
     00000002  ___bank_sound_gbfx2_sav_49         sound_gbfx2_sav
     00000002  ___bank_sound_gbfx2_sav_50         sound_gbfx2_sav
     00000002  ___bank_sound_gbfx2_sav_51         sound_gbfx2_sav
     00000002  ___bank_sound_gbfx2_sav_52         sound_gbfx2_sav
     00000002  ___bank_sound_gbfx2_sav_53         sound_gbfx2_sav
     00000002  ___bank_sound_gbfx2_sav_54         sound_gbfx2_sav
     00000002  ___bank_sound_gbfx2_sav_55         sound_gbfx2_sav
     00000002  ___bank_sound_gbfx2_sav_56         sound_gbfx2_sav
     00000002  ___bank_sound_gbfx2_sav_57         sound_gbfx2_sav
     00000002  ___bank_sound_gbfx2_sav_58         sound_gbfx2_sav
     00000002  ___bank_sound_gbfx2_sav_59         sound_gbfx2_sav
     00000002  ___bank_trigger_0_interact         trigger_0_interact
     00000002  ___mute_mask_sound_gbfx2_sav_00    sound_gbfx2_sav
     00000002  ___mute_mask_sound_gbfx2_sav_01    sound_gbfx2_sav
     00000002  ___mute_mask_sound_gbfx2_sav_02    sound_gbfx2_sav
     00000002  ___mute_mask_sound_gbfx2_sav_03    sound_gbfx2_sav
     00000002  ___mute_mask_sound_gbfx2_sav_04    sound_gbfx2_sav
     00000002  ___mute_mask_sound_gbfx2_sav_05    sound_gbfx2_sav
     00000002  ___mute_mask_sound_gbfx2_sav_06    sound_gbfx2_sav
     00000002  ___mute_mask_sound_gbfx2_sav_07    sound_gbfx2_sav
     00000002  ___mute_mask_sound_gbfx2_sav_08    sound_gbfx2_sav
     00000002  ___mute_mask_sound_gbfx2_sav_09    sound_gbfx2_sav
     00000002  ___mute_mask_sound_gbfx2_sav_10    sound_gbfx2_sav
     00000002  ___mute_mask_sound_gbfx2_sav_11    sound_gbfx2_sav
     00000002  ___mute_mask_sound_gbfx2_sav_12    sound_gbfx2_sav
     00000002  ___mute_mask_sound_gbfx2_sav_13    sound_gbfx2_sav
     00000002  ___mute_mask_sound_gbfx2_sav_14    sound_gbfx2_sav
     00000002  ___mute_mask_sound_gbfx2_sav_15    sound_gbfx2_sav
ASxxxx Linker V03.00/V05.40 + sdld,  page 4.
Hexadecimal  [32-Bits]

Area                                    Addr        Size        Decimal Bytes (Attributes)
--------------------------------        ----        ----        ------- ----- ------------
.  .ABS.                            00000000    00000000 =           0. bytes (ABS,CON)

      Value  Global                              Global Defined In Module
      -----  --------------------------------   ------------------------
     00000002  ___mute_mask_sound_gbfx2_sav_48    sound_gbfx2_sav
     00000002  ___mute_mask_sound_gbfx2_sav_49    sound_gbfx2_sav
     00000002  ___mute_mask_sound_gbfx2_sav_50    sound_gbfx2_sav
     00000002  ___mute_mask_sound_gbfx2_sav_51    sound_gbfx2_sav
     00000002  ___mute_mask_sound_gbfx2_sav_52    sound_gbfx2_sav
     00000002  ___mute_mask_sound_gbfx2_sav_53    sound_gbfx2_sav
     00000002  ___mute_mask_sound_gbfx2_sav_54    sound_gbfx2_sav
     00000002  ___mute_mask_sound_gbfx2_sav_55    sound_gbfx2_sav
     00000002  ___mute_mask_sound_gbfx2_sav_56    sound_gbfx2_sav
     00000002  ___mute_mask_sound_gbfx2_sav_57    sound_gbfx2_sav
     00000002  ___mute_mask_sound_gbfx2_sav_58    sound_gbfx2_sav
     00000002  ___mute_mask_sound_gbfx2_sav_59    sound_gbfx2_sav
     00000002  ___mute_mask_sound_gbfx_sav_00     sound_gbfx_sav
     00000002  ___mute_mask_sound_gbfx_sav_01     sound_gbfx_sav
     00000002  ___mute_mask_sound_gbfx_sav_02     sound_gbfx_sav
     00000002  ___mute_mask_sound_gbfx_sav_03     sound_gbfx_sav
     00000002  ___mute_mask_sound_gbfx_sav_04     sound_gbfx_sav
     00000002  ___mute_mask_sound_gbfx_sav_05     sound_gbfx_sav
     00000002  ___mute_mask_sound_gbfx_sav_06     sound_gbfx_sav
     00000002  ___mute_mask_sound_gbfx_sav_07     sound_gbfx_sav
     00000002  ___mute_mask_sound_gbfx_sav_08     sound_gbfx_sav
     00000002  ___mute_mask_sound_gbfx_sav_09     sound_gbfx_sav
     00000002  ___mute_mask_sound_gbfx_sav_10     sound_gbfx_sav
     00000002  ___mute_mask_sound_gbfx_sav_11     sound_gbfx_sav
     00000002  ___mute_mask_sound_gbfx_sav_12     sound_gbfx_sav
     00000002  ___mute_mask_sound_gbfx_sav_13     sound_gbfx_sav
     00000002  ___mute_mask_sound_gbfx_sav_14     sound_gbfx_sav
     00000002  ___mute_mask_sound_gbfx_sav_15     sound_gbfx_sav
     00000002  ___mute_mask_sound_gbfx_sav_32     sound_gbfx_sav
     00000002  ___mute_mask_sound_gbfx_sav_33     sound_gbfx_sav
     00000002  ___mute_mask_sound_gbfx_sav_34     sound_gbfx_sav
     00000002  ___mute_mask_sound_gbfx_sav_35     sound_gbfx_sav
     00000002  ___mute_mask_sound_gbfx_sav_36     sound_gbfx_sav
     00000002  ___mute_mask_sound_gbfx_sav_37     sound_gbfx_sav
     00000002  ___mute_mask_sound_gbfx_sav_38     sound_gbfx_sav
     00000002  ___mute_mask_sound_gbfx_sav_39     sound_gbfx_sav
     00000002  ___mute_mask_sound_gbfx_sav_48     sound_gbfx_sav
     00000002  b_activate_actor                   actor
     00000002  b_activate_actors_in_col           actor
     00000002  b_activate_actors_in_row           actor
     00000002  b_actor_at_tile                    actor
     00000002  b_actor_get_frame_offset           actor
     00000002  b_actor_in_front_of_player         actor
     00000002  b_actor_overlapping_bb             actor
     00000002  b_actor_overlapping_player         actor
     00000002  b_actor_set_anim_idle              actor
     00000002  b_actor_set_anim_moving            actor
     00000002  b_actor_set_dir                    actor
     00000002  b_actor_set_frame_offset           actor
     00000002  b_actor_set_frames                 actor
     00000002  b_actors_handle_player_collision   actor
ASxxxx Linker V03.00/V05.40 + sdld,  page 5.
Hexadecimal  [32-Bits]

Area                                    Addr        Size        Decimal Bytes (Attributes)
--------------------------------        ----        ----        ------- ----- ------------
.  .ABS.                            00000000    00000000 =           0. bytes (ABS,CON)

      Value  Global                              Global Defined In Module
      -----  --------------------------------   ------------------------
     00000002  b_actors_init                      actor
     00000002  b_check_collision_in_direction     actor
     00000002  b_deactivate_actor                 actor
     00000002  b_player_init                      actor
     00000002  b_vm_actor_activate                vm_actor
     00000002  b_vm_actor_begin_update            vm_actor
     00000002  b_vm_actor_deactivate              vm_actor
     00000002  b_vm_actor_emote                   vm_actor
     00000002  b_vm_actor_get_angle               vm_actor
     00000002  b_vm_actor_get_anim_frame          vm_actor
     00000002  b_vm_actor_get_dir                 vm_actor
     00000002  b_vm_actor_get_pos                 vm_actor
     00000002  b_vm_actor_move_cancel             vm_actor
     00000002  b_vm_actor_move_to                 vm_actor
     00000002  b_vm_actor_replace_tile            vm_actor
     00000002  b_vm_actor_set_anim                vm_actor
     00000002  b_vm_actor_set_anim_frame          vm_actor
     00000002  b_vm_actor_set_anim_set            vm_actor
     00000002  b_vm_actor_set_anim_tick           vm_actor
     00000002  b_vm_actor_set_bounds              vm_actor
     00000002  b_vm_actor_set_dir                 vm_actor
     00000002  b_vm_actor_set_flags               vm_actor
     00000002  b_vm_actor_set_move_speed          vm_actor
     00000002  b_vm_actor_set_pos                 vm_actor
     00000002  b_vm_actor_set_spritesheet         vm_actor
     00000002  b_vm_actor_set_spritesheet_by_re   vm_actor
     00000002  b_vm_actor_terminate_update        vm_actor
     00000002  l__HEADER10                     
     00000002  l__HEADER6                      
     00000002  l__HEADERd                      
     00000003  ___bank_VM_MAIN                    vm
     00000003  ___bank_font_gbs_mono              font_gbs_mono
     00000003  ___bank_frame_image                frame_image
     00000003  ___bank_song_bs_free_level_start   song_bs_free_level_start_Dat
     00000003  ___bank_sound_gbfx_sav_00          sound_gbfx_sav
     00000003  ___bank_sound_gbfx_sav_01          sound_gbfx_sav
     00000003  ___bank_sound_gbfx_sav_02          sound_gbfx_sav
     00000003  ___bank_sound_gbfx_sav_03          sound_gbfx_sav
     00000003  ___bank_sound_gbfx_sav_04          sound_gbfx_sav
     00000003  ___bank_sound_gbfx_sav_05          sound_gbfx_sav
     00000003  ___bank_sound_gbfx_sav_06          sound_gbfx_sav
     00000003  ___bank_sound_gbfx_sav_07          sound_gbfx_sav
     00000003  ___bank_sound_gbfx_sav_08          sound_gbfx_sav
     00000003  ___bank_sound_gbfx_sav_09          sound_gbfx_sav
     00000003  ___bank_sound_gbfx_sav_10          sound_gbfx_sav
     00000003  ___bank_sound_gbfx_sav_11          sound_gbfx_sav
     00000003  ___bank_sound_gbfx_sav_12          sound_gbfx_sav
     00000003  ___bank_sound_gbfx_sav_13          sound_gbfx_sav
     00000003  ___bank_sound_gbfx_sav_14          sound_gbfx_sav
     00000003  ___bank_sound_gbfx_sav_15          sound_gbfx_sav
     00000003  ___bank_sound_gbfx_sav_16          sound_gbfx_sav
ASxxxx Linker V03.00/V05.40 + sdld,  page 6.
Hexadecimal  [32-Bits]

Area                                    Addr        Size        Decimal Bytes (Attributes)
--------------------------------        ----        ----        ------- ----- ------------
.  .ABS.                            00000000    00000000 =           0. bytes (ABS,CON)

      Value  Global                              Global Defined In Module
      -----  --------------------------------   ------------------------
     00000003  ___bank_sound_gbfx_sav_17          sound_gbfx_sav
     00000003  ___bank_sound_gbfx_sav_18          sound_gbfx_sav
     00000003  ___bank_sound_gbfx_sav_19          sound_gbfx_sav
     00000003  ___bank_sound_gbfx_sav_20          sound_gbfx_sav
     00000003  ___bank_sound_gbfx_sav_21          sound_gbfx_sav
     00000003  ___bank_sound_gbfx_sav_22          sound_gbfx_sav
     00000003  ___bank_sound_gbfx_sav_23          sound_gbfx_sav
     00000003  ___bank_sound_gbfx_sav_24          sound_gbfx_sav
     00000003  ___bank_sound_gbfx_sav_25          sound_gbfx_sav
     00000003  ___bank_sound_gbfx_sav_26          sound_gbfx_sav
     00000003  ___bank_sound_gbfx_sav_27          sound_gbfx_sav
     00000003  ___bank_sound_gbfx_sav_28          sound_gbfx_sav
     00000003  ___bank_sound_gbfx_sav_29          sound_gbfx_sav
     00000003  ___bank_sound_gbfx_sav_30          sound_gbfx_sav
     00000003  ___bank_sound_gbfx_sav_31          sound_gbfx_sav
     00000003  ___bank_sound_gbfx_sav_32          sound_gbfx_sav
     00000003  ___bank_sound_gbfx_sav_33          sound_gbfx_sav
     00000003  ___bank_sound_gbfx_sav_34          sound_gbfx_sav
     00000003  ___bank_sound_gbfx_sav_35          sound_gbfx_sav
     00000003  ___bank_sound_gbfx_sav_36          sound_gbfx_sav
     00000003  ___bank_sound_gbfx_sav_37          sound_gbfx_sav
     00000003  ___bank_sound_gbfx_sav_38          sound_gbfx_sav
     00000003  ___bank_sound_gbfx_sav_39          sound_gbfx_sav
     00000003  ___bank_sound_gbfx_sav_40          sound_gbfx_sav
     00000003  ___bank_sound_gbfx_sav_41          sound_gbfx_sav
     00000003  ___bank_sound_gbfx_sav_42          sound_gbfx_sav
     00000003  ___bank_sound_gbfx_sav_43          sound_gbfx_sav
     00000003  ___bank_sound_gbfx_sav_44          sound_gbfx_sav
     00000003  ___bank_sound_gbfx_sav_45          sound_gbfx_sav
     00000003  ___bank_sound_gbfx_sav_46          sound_gbfx_sav
     00000003  ___bank_sound_gbfx_sav_47          sound_gbfx_sav
     00000003  ___bank_sound_gbfx_sav_48          sound_gbfx_sav
     00000003  b_script_detach_hthread            vm
     00000003  b_script_execute                   vm
     00000003  b_script_runner_init               vm
     00000003  b_script_terminate                 vm
     00000003  b_scroll_init                      scroll
     00000003  b_scroll_repaint                   scroll
     00000003  b_scroll_reset                     scroll
     00000003  b_scroll_update                    scroll
     00000003  b_vm_call                          vm
     00000003  b_vm_call_far                      vm
     00000003  b_vm_get_indirect                  vm
     00000003  b_vm_get_tlocal                    vm
     00000003  b_vm_idle                          vm
     00000003  b_vm_if                            vm
     00000003  b_vm_if_const                      vm
     00000003  b_vm_init_rng                      vm
     00000003  b_vm_invoke                        vm
     00000003  b_vm_join                          vm
     00000003  b_vm_jump                          vm
ASxxxx Linker V03.00/V05.40 + sdld,  page 7.
Hexadecimal  [32-Bits]

Area                                    Addr        Size        Decimal Bytes (Attributes)
--------------------------------        ----        ----        ------- ----- ------------
.  .ABS.                            00000000    00000000 =           0. bytes (ABS,CON)

      Value  Global                              Global Defined In Module
      -----  --------------------------------   ------------------------
     00000003  b_vm_lock                          vm
     00000003  b_vm_loop                          vm
     00000003  b_vm_memcpy                        vm
     00000003  b_vm_memset                        vm
     00000003  b_vm_poll_loaded                   vm
     00000003  b_vm_pop                           vm
     00000003  b_vm_push                          vm
     00000003  b_vm_push_reference                vm
     00000003  b_vm_push_value                    vm
     00000003  b_vm_push_value_ind                vm
     00000003  b_vm_raise                         vm
     00000003  b_vm_rand                          vm
     00000003  b_vm_reserve                       vm
     00000003  b_vm_ret                           vm
     00000003  b_vm_ret_far                       vm
     00000003  b_vm_set                           vm
     00000003  b_vm_set_const                     vm
     00000003  b_vm_set_indirect                  vm
     00000003  b_vm_terminate                     vm
     00000003  b_vm_test_terminate                vm
     00000003  b_vm_unlock                        vm
     00000003  b_wait_frames                      vm
     00000003  l__HEADER9                      
     00000003  l__HEADER_LCD0                  
     00000003  l__HRAM12                       
     00000004  ___bank_VM_GAMEBOY                 vm_gameboy
     00000004  ___bank_VM_UI                      vm_ui
     00000004  ___bank_bg_logo_gameoff2024_tile   bg_logo_gameoff2024_tileset
     00000004  ___bank_bg_scene_04_tileset        bg_scene_04_tileset
     00000004  ___bank_bg_scene_07_tileset        bg_scene_07_tileset
     00000004  ___bank_bg_scene_08_tileset        bg_scene_08_tileset
     00000004  ___bank_bg_scene_title_tileset     bg_scene_title_tileset
     00000004  ___bank_sprite_static_furniture_   sprite_static_furniture_v1_t
     00000004  __start_save                    
     00000004  b_do_load_palette                  data_manager
     00000004  b_fade_applypalettechange          fade_manager
     00000004  b_fade_in                          fade_manager
     00000004  b_fade_in_modal                    fade_manager
     00000004  b_fade_init                        fade_manager
     00000004  b_fade_out                         fade_manager
     00000004  b_fade_out_modal                   fade_manager
     00000004  b_fade_setspeed                    fade_manager
     00000004  b_fade_update                      fade_manager
     00000004  b_load_background                  data_manager
     00000004  b_load_bkg_tileset                 data_manager
     00000004  b_load_bounds                      data_manager
     00000004  b_load_emote                       data_manager
     00000004  b_load_init                        data_manager
     00000004  b_load_player                      data_manager
     00000004  b_load_scene                       data_manager
     00000004  b_load_sprite                      data_manager
ASxxxx Linker V03.00/V05.40 + sdld,  page 8.
Hexadecimal  [32-Bits]

Area                                    Addr        Size        Decimal Bytes (Attributes)
--------------------------------        ----        ----        ------- ----- ------------
.  .ABS.                            00000000    00000000 =           0. bytes (ABS,CON)

      Value  Global                              Global Defined In Module
      -----  --------------------------------   ------------------------
     00000004  b_topdown_init                     topdown
     00000004  b_topdown_update                   topdown
     00000004  b_vm_choice                        vm_ui
     00000004  b_vm_context_prepare               vm_gameboy
     00000004  b_vm_display_text                  vm_ui
     00000004  b_vm_fade                          vm_gameboy
     00000004  b_vm_get_tile_xy                   vm_gameboy
     00000004  b_vm_input_attach                  vm_gameboy
     00000004  b_vm_input_detach                  vm_gameboy
     00000004  b_vm_input_get                     vm_gameboy
     00000004  b_vm_input_wait                    vm_gameboy
     00000004  b_vm_load_tileset                  vm_gameboy
     00000004  b_vm_overlay_clear                 vm_ui
     00000004  b_vm_overlay_move_to               vm_ui
     00000004  b_vm_overlay_scroll                vm_ui
     00000004  b_vm_overlay_set_map               vm_ui
     00000004  b_vm_overlay_set_scroll            vm_ui
     00000004  b_vm_overlay_set_submap            vm_ui
     00000004  b_vm_overlay_set_submap_ex         vm_ui
     00000004  b_vm_overlay_setpos                vm_ui
     00000004  b_vm_overlay_show                  vm_ui
     00000004  b_vm_overlay_wait                  vm_ui
     00000004  b_vm_poll                          vm_gameboy
     00000004  b_vm_replace_tile                  vm_gameboy
     00000004  b_vm_replace_tile_xy               vm_gameboy
     00000004  b_vm_rumble                        vm_gameboy
     00000004  b_vm_set_font                      vm_ui
     00000004  b_vm_set_sprite_mode               vm_gameboy
     00000004  b_vm_set_sprites_visible           vm_gameboy
     00000004  b_vm_set_text_sound                vm_ui
     00000004  b_vm_switch_text_layer             vm_ui
     00000004  b_vm_timer_prepare                 vm_gameboy
     00000004  b_vm_timer_reset                   vm_gameboy
     00000004  b_vm_timer_set                     vm_gameboy
     00000004  b_vm_timer_stop                    vm_gameboy
     00000004  l__CRASH_HEADER1                
     00000004  l__HEADER_SIO0                  
     00000004  l__HEADER_TIMER0                
     00000005  ___bank_VM_CAMERA                  vm_camera
     00000005  ___bank_bg_scene_01_tileset        bg_scene_01_tileset
     00000005  ___bank_bg_scene_02_tileset        bg_scene_02_tileset
     00000005  ___bank_bg_scene_03_tileset        bg_scene_03_tileset
     00000005  ___bank_bg_scene_04_tilemap        bg_scene_04_tilemap
     00000005  ___bank_bg_scene_05_tileset        bg_scene_05_tileset
     00000005  ___bank_bg_scene_06_tileset        bg_scene_06_tileset
     00000005  ___bank_bg_scenewelcome_tileset    bg_scenewelcome_tileset
     00000005  ___bank_scene_10_sprites           scene_10_sprites
     00000005  ___bank_scene_7_actors             scene_7_actors
     00000005  ___bank_scene_7_collisions         scene_7_collisions
     00000005  ___bank_sprite_actor_animated_ti   sprite_actor_animated_tilese
     00000005  ___bank_trigger_34_interact        trigger_34_interact
ASxxxx Linker V03.00/V05.40 + sdld,  page 9.
Hexadecimal  [32-Bits]

Area                                    Addr        Size        Decimal Bytes (Attributes)
--------------------------------        ----        ----        ------- ----- ------------
.  .ABS.                            00000000    00000000 =           0. bytes (ABS,CON)

      Value  Global                              Global Defined In Module
      -----  --------------------------------   ------------------------
     00000005  b___HandleCrash_banked             
     00000005  b_atan2                            math_atan2
     00000005  b_camera_shake_frames              vm_camera
     00000005  b_core_reset                       core
     00000005  b_core_run                         core
     00000005  b_data_clear                       load_save
     00000005  b_data_init                        load_save
     00000005  b_data_load                        load_save
     00000005  b_data_peek                        load_save
     00000005  b_data_save                        load_save
     00000005  b_gbprinter_detect                 gbprinter
     00000005  b_gbprinter_print_overlay          gbprinter
     00000005  b_projectile_launch                projectiles
     00000005  b_projectiles_init                 projectiles
     00000005  b_trigger_activate_at              trigger
     00000005  b_trigger_activate_at_intersecti   trigger
     00000005  b_trigger_at_intersection          trigger
     00000005  b_trigger_at_tile                  trigger
     00000005  b_trigger_interact                 trigger
     00000005  b_trigger_reset                    trigger
     00000005  b_vm_camera_move_to                vm_camera
     00000005  b_vm_camera_set_pos                vm_camera
     00000005  l__CRASH_HEADER0                
     00000005  l__HEADER1                      
     00000006  ___bank_VM_MATH                    vm_math
     00000006  ___bank_VM_MUSIC                   vm_music
     00000006  ___bank_VM_PALETTE                 vm_palette
     00000006  ___bank_VM_PROJECTILE              vm_projectiles
     00000006  ___bank_VM_RTC                     vm_rtc
     00000006  ___bank_bg_logo_gameoff2024_tile   bg_logo_gameoff2024_tilemap
     00000006  ___bank_bg_scene_01_tilemap        bg_scene_01_tilemap
     00000006  ___bank_bg_scene_02_tilemap        bg_scene_02_tilemap
     00000006  ___bank_bg_scene_03_tilemap        bg_scene_03_tilemap
     00000006  ___bank_bg_scene_05_tilemap        bg_scene_05_tilemap
     00000006  ___bank_bg_scene_06_tilemap        bg_scene_06_tilemap
     00000006  ___bank_bg_scene_07_tilemap        bg_scene_07_tilemap
     00000006  ___bank_bg_scene_08_tilemap        bg_scene_08_tilemap
     00000006  ___bank_bg_scene_09_tilemap        bg_scene_09_tilemap
     00000006  ___bank_bg_scene_09_tileset        bg_scene_09_tileset
     00000006  ___bank_bg_scene_title_tilemap     bg_scene_title_tilemap
     00000006  ___bank_bg_scenewelcome_tilemap    bg_scenewelcome_tilemap
     00000006  ___bank_scene_0_actors             scene_0_actors
     00000006  ___bank_scene_0_collisions         scene_0_collisions
     00000006  ___bank_scene_10_actors            scene_10_actors
     00000006  ___bank_scene_10_collisions        scene_10_collisions
     00000006  ___bank_scene_11_actors            scene_11_actors
     00000006  ___bank_scene_11_collisions        scene_11_collisions
     00000006  ___bank_scene_12_actors            scene_12_actors
     00000006  ___bank_scene_12_collisions        scene_12_collisions
     00000006  ___bank_scene_13_actors            scene_13_actors
     00000006  ___bank_scene_13_collisions        scene_13_collisions
ASxxxx Linker V03.00/V05.40 + sdld,  page 10.
Hexadecimal  [32-Bits]

Area                                    Addr        Size        Decimal Bytes (Attributes)
--------------------------------        ----        ----        ------- ----- ------------
.  .ABS.                            00000000    00000000 =           0. bytes (ABS,CON)

      Value  Global                              Global Defined In Module
      -----  --------------------------------   ------------------------
     00000006  ___bank_scene_14_actors            scene_14_actors
     00000006  ___bank_scene_14_collisions        scene_14_collisions
     00000006  ___bank_scene_15_actors            scene_15_actors
     00000006  ___bank_scene_15_collisions        scene_15_collisions
     00000006  ___bank_scene_16_collisions        scene_16_collisions
     00000006  ___bank_scene_17_collisions        scene_17_collisions
     00000006  ___bank_scene_1_collisions         scene_1_collisions
     00000006  ___bank_scene_2_collisions         scene_2_collisions
     00000006  ___bank_scene_3_collisions         scene_3_collisions
     00000006  ___bank_scene_4_collisions         scene_4_collisions
     00000006  ___bank_scene_5_collisions         scene_5_collisions
     00000006  ___bank_scene_6_actors             scene_6_actors
     00000006  ___bank_scene_6_collisions         scene_6_collisions
     00000006  ___bank_scene_7_init               scene_7_init
     00000006  ___bank_scene_9_collisions         scene_9_collisions
     00000006  ___bank_sprite_actor_animated_ca   sprite_actor_animated_car
     00000006  ___bank_sprite_actor_animated_ca   sprite_actor_animated_car_ti
     00000006  ___bank_trigger_21_interact        trigger_21_interact
     00000006  b_erase_flash                      
     00000006  b_itoa_fmt                         vm_ui_a
     00000006  b_music_events_poll                music_manager
     00000006  b_music_init_driver                music_manager
     00000006  b_music_init_events                music_manager
     00000006  b_save_sram_banks                  
     00000006  b_set_sgb_border                   sgb_border
     00000006  b_vm_cos_scale                     vm_math
     00000006  b_vm_load_palette                  vm_palette
     00000006  b_vm_music_mute                    vm_music
     00000006  b_vm_music_play                    vm_music
     00000006  b_vm_music_routine                 vm_music
     00000006  b_vm_music_setpos                  vm_music
     00000006  b_vm_music_stop                    vm_music
     00000006  b_vm_projectile_launch             vm_projectiles
     00000006  b_vm_projectile_load_type          vm_projectiles
     00000006  b_vm_rtc_get                       vm_rtc
     00000006  b_vm_rtc_latch                     vm_rtc
     00000006  b_vm_rtc_set                       vm_rtc
     00000006  b_vm_rtc_start                     vm_rtc
     00000006  b_vm_sfx_play                      vm_music
     00000006  b_vm_sin_scale                     vm_math
     00000006  b_vm_sound_mastervol               vm_music
     00000006  l__HEADER8                      
     00000007  ___bank_VM_GBPRINTER               vm_gbprinter
     00000007  ___bank_VM_LOAD_SAVE               vm_load_save
     00000007  ___bank_VM_SCENE                   vm_scene
     00000007  ___bank_actor_0_interact           actor_0_interact
     00000007  ___bank_actor_1_interact           actor_1_interact
     00000007  ___bank_actor_21_interact          actor_21_interact
     00000007  ___bank_actor_22_interact          actor_22_interact
     00000007  ___bank_actor_23_interact          actor_23_interact
     00000007  ___bank_actor_25_interact          actor_25_interact
ASxxxx Linker V03.00/V05.40 + sdld,  page 11.
Hexadecimal  [32-Bits]

Area                                    Addr        Size        Decimal Bytes (Attributes)
--------------------------------        ----        ----        ------- ----- ------------
.  .ABS.                            00000000    00000000 =           0. bytes (ABS,CON)

      Value  Global                              Global Defined In Module
      -----  --------------------------------   ------------------------
     00000007  ___bank_actor_26_interact          actor_26_interact
     00000007  ___bank_actor_27_interact          actor_27_interact
     00000007  ___bank_actor_28_interact          actor_28_interact
     00000007  ___bank_actor_29_interact          actor_29_interact
     00000007  ___bank_actor_2_interact           actor_2_interact
     00000007  ___bank_actor_30_interact          actor_30_interact
     00000007  ___bank_actor_32_interact          actor_32_interact
     00000007  ___bank_actor_33_interact          actor_33_interact
     00000007  ___bank_actor_34_interact          actor_34_interact
     00000007  ___bank_actor_35_interact          actor_35_interact
     00000007  ___bank_actor_38_interact          actor_38_interact
     00000007  ___bank_actor_39_interact          actor_39_interact
     00000007  ___bank_actor_3_interact           actor_3_interact
     00000007  ___bank_actor_40_interact          actor_40_interact
     00000007  ___bank_actor_41_interact          actor_41_interact
     00000007  ___bank_actor_42_interact          actor_42_interact
     00000007  ___bank_actor_44_interact          actor_44_interact
     00000007  ___bank_actor_45_interact          actor_45_interact
     00000007  ___bank_actor_47_interact          actor_47_interact
     00000007  ___bank_actor_48_interact          actor_48_interact
     00000007  ___bank_actor_49_interact          actor_49_interact
     00000007  ___bank_actor_4_interact           actor_4_interact
     00000007  ___bank_actor_50_interact          actor_50_interact
     00000007  ___bank_actor_51_interact          actor_51_interact
     00000007  ___bank_actor_52_interact          actor_52_interact
     00000007  ___bank_actor_53_interact          actor_53_interact
     00000007  ___bank_actor_56_interact          actor_56_interact
     00000007  ___bank_actor_57_interact          actor_57_interact
     00000007  ___bank_actor_59_interact          actor_59_interact
     00000007  ___bank_actor_61_interact          actor_61_interact
     00000007  ___bank_actor_66_interact          actor_66_interact
     00000007  ___bank_actor_67_interact          actor_67_interact
     00000007  ___bank_actor_68_interact          actor_68_interact
     00000007  ___bank_actor_69_interact          actor_69_interact
     00000007  ___bank_actor_6_interact           actor_6_interact
     00000007  ___bank_actor_7_interact           actor_7_interact
     00000007  ___bank_actor_8_interact           actor_8_interact
     00000007  ___bank_actor_9_interact           actor_9_interact
     00000007  ___bank_bg_logo_gameoff2024        bg_logo_gameoff2024
     00000007  ___bank_bg_scene_01                bg_scene_01
     00000007  ___bank_bg_scene_02                bg_scene_02
     00000007  ___bank_bg_scene_03                bg_scene_03
     00000007  ___bank_bg_scene_04                bg_scene_04
     00000007  ___bank_bg_scene_05                bg_scene_05
     00000007  ___bank_bg_scene_06                bg_scene_06
     00000007  ___bank_bg_scene_07                bg_scene_07
     00000007  ___bank_bg_scene_08                bg_scene_08
     00000007  ___bank_bg_scene_09                bg_scene_09
     00000007  ___bank_bg_scene_title             bg_scene_title
     00000007  ___bank_bg_scenewelcome            bg_scenewelcome
     00000007  ___bank_bootstrap_script           
ASxxxx Linker V03.00/V05.40 + sdld,  page 12.
Hexadecimal  [32-Bits]

Area                                    Addr        Size        Decimal Bytes (Attributes)
--------------------------------        ----        ----        ------- ----- ------------
.  .ABS.                            00000000    00000000 =           0. bytes (ABS,CON)

      Value  Global                              Global Defined In Module
      -----  --------------------------------   ------------------------
     00000007  ___bank_cursor_image               cursor_image
     00000007  ___bank_palette_0                  palette_0
     00000007  ___bank_palette_1                  palette_1
     00000007  ___bank_scene_0                    scene_0
     00000007  ___bank_scene_0_init               scene_0_init
     00000007  ___bank_scene_0_sprites            scene_0_sprites
     00000007  ___bank_scene_0_triggers           scene_0_triggers
     00000007  ___bank_scene_1                    scene_1
     00000007  ___bank_scene_10                   scene_10
     00000007  ___bank_scene_10_init              scene_10_init
     00000007  ___bank_scene_10_triggers          scene_10_triggers
     00000007  ___bank_scene_11                   scene_11
     00000007  ___bank_scene_11_init              scene_11_init
     00000007  ___bank_scene_11_sprites           scene_11_sprites
     00000007  ___bank_scene_11_triggers          scene_11_triggers
     00000007  ___bank_scene_12                   scene_12
     00000007  ___bank_scene_12_init              scene_12_init
     00000007  ___bank_scene_12_sprites           scene_12_sprites
     00000007  ___bank_scene_12_triggers          scene_12_triggers
     00000007  ___bank_scene_13                   scene_13
     00000007  ___bank_scene_13_init              scene_13_init
     00000007  ___bank_scene_13_sprites           scene_13_sprites
     00000007  ___bank_scene_13_triggers          scene_13_triggers
     00000007  ___bank_scene_14                   scene_14
     00000007  ___bank_scene_14_init              scene_14_init
     00000007  ___bank_scene_14_triggers          scene_14_triggers
     00000007  ___bank_scene_15                   scene_15
     00000007  ___bank_scene_15_init              scene_15_init
     00000007  ___bank_scene_15_sprites           scene_15_sprites
     00000007  ___bank_scene_15_triggers          scene_15_triggers
     00000007  ___bank_scene_16                   scene_16
     00000007  ___bank_scene_16_init              scene_16_init
     00000007  ___bank_scene_17                   scene_17
     00000007  ___bank_scene_17_actors            scene_17_actors
     00000007  ___bank_scene_17_init              scene_17_init
     00000007  ___bank_scene_17_sprites           scene_17_sprites
     00000007  ___bank_scene_1_init               scene_1_init
     00000007  ___bank_scene_2                    scene_2
     00000007  ___bank_scene_2_init               scene_2_init
     00000007  ___bank_scene_3                    scene_3
     00000007  ___bank_scene_3_init               scene_3_init
     00000007  ___bank_scene_3_sprites            scene_3_sprites
     00000007  ___bank_scene_3_triggers           scene_3_triggers
     00000007  ___bank_scene_4                    scene_4
     00000007  ___bank_scene_4_init               scene_4_init
     00000007  ___bank_scene_4_triggers           scene_4_triggers
     00000007  ___bank_scene_5                    scene_5
     00000007  ___bank_scene_5_init               scene_5_init
     00000007  ___bank_scene_6                    scene_6
     00000007  ___bank_scene_6_init               scene_6_init
     00000007  ___bank_scene_6_sprites            scene_6_sprites
ASxxxx Linker V03.00/V05.40 + sdld,  page 13.
Hexadecimal  [32-Bits]

Area                                    Addr        Size        Decimal Bytes (Attributes)
--------------------------------        ----        ----        ------- ----- ------------
.  .ABS.                            00000000    00000000 =           0. bytes (ABS,CON)

      Value  Global                              Global Defined In Module
      -----  --------------------------------   ------------------------
     00000007  ___bank_scene_6_triggers           scene_6_triggers
     00000007  ___bank_scene_7                    scene_7
     00000007  ___bank_scene_7_sprites            scene_7_sprites
     00000007  ___bank_scene_7_triggers           scene_7_triggers
     00000007  ___bank_scene_9                    scene_9
     00000007  ___bank_scene_9_init               scene_9_init
     00000007  ___bank_script_engine_init         
     00000007  ___bank_sound_legacy_0             sound_legacy_0
     00000007  ___bank_sprite_actor_animated      sprite_actor_animated
     00000007  ___bank_sprite_actor_animated_bu   sprite_actor_animated_bubbl
     00000007  ___bank_sprite_actor_animated_bu   sprite_actor_animated_bubbl_
     00000007  ___bank_sprite_actor_animated_gi   sprite_actor_animated_gir_v
     00000007  ___bank_sprite_actor_animated_gi   sprite_actor_animated_gir_v_
     00000007  ___bank_sprite_actor_boy           sprite_actor_boy
     00000007  ___bank_sprite_actor_boy_tileset   sprite_actor_boy_tileset
     00000007  ___bank_sprite_actor_cat           sprite_actor_cat
     00000007  ___bank_sprite_actor_cat_tileset   sprite_actor_cat_tileset
     00000007  ___bank_sprite_actor_girl          sprite_actor_girl
     00000007  ___bank_sprite_actor_girl_tilese   sprite_actor_girl_tileset
     00000007  ___bank_sprite_actor_grass         sprite_actor_grass
     00000007  ___bank_sprite_actor_grass_2       sprite_actor_grass_2
     00000007  ___bank_sprite_actor_grass_2_til   sprite_actor_grass_2_tileset
     00000007  ___bank_sprite_actor_grass_tiles   sprite_actor_grass_tileset
     00000007  ___bank_sprite_actor_handicap_ma   sprite_actor_handicap_man
     00000007  ___bank_sprite_actor_handicap_ma   sprite_actor_handicap_man_ti
     00000007  ___bank_sprite_actor_light         sprite_actor_light
     00000007  ___bank_sprite_actor_light_tiles   sprite_actor_light_tileset
     00000007  ___bank_sprite_actor_music         sprite_actor_music
     00000007  ___bank_sprite_actor_music_tiles   sprite_actor_music_tileset
     00000007  ___bank_sprite_actor_old_man       sprite_actor_old_man
     00000007  ___bank_sprite_actor_old_man_2     sprite_actor_old_man_2
     00000007  ___bank_sprite_actor_old_man_2_t   sprite_actor_old_man_2_tiles
     00000007  ___bank_sprite_actor_old_man_til   sprite_actor_old_man_tileset
     00000007  ___bank_sprite_actor_woman         sprite_actor_woman
     00000007  ___bank_sprite_actor_woman_tiles   sprite_actor_woman_tileset
     00000007  ___bank_sprite_static_bathtub      sprite_static_bathtub
     00000007  ___bank_sprite_static_bathtub_ti   sprite_static_bathtub_tilese
     00000007  ___bank_sprite_static_bed          sprite_static_bed
     00000007  ___bank_sprite_static_bed_2        sprite_static_bed_2
     00000007  ___bank_sprite_static_bed_2_tile   sprite_static_bed_2_tileset
     00000007  ___bank_sprite_static_bed_tilese   sprite_static_bed_tileset
     00000007  ___bank_sprite_static_door_close   sprite_static_door_close_v1
     00000007  ___bank_sprite_static_door_close   sprite_static_door_close_v1_
     00000007  ___bank_sprite_static_door_close   sprite_static_door_close_v2
     00000007  ___bank_sprite_static_door_close   sprite_static_door_close_v2_
     00000007  ___bank_sprite_static_door_close   sprite_static_door_close_v3
     00000007  ___bank_sprite_static_door_close   sprite_static_door_close_v3_
     00000007  ___bank_sprite_static_door_close   sprite_static_door_close_v4
     00000007  ___bank_sprite_static_door_close   sprite_static_door_close_v4_
     00000007  ___bank_sprite_static_door_close   sprite_static_door_close_v5
     00000007  ___bank_sprite_static_door_close   sprite_static_door_close_v5_
ASxxxx Linker V03.00/V05.40 + sdld,  page 14.
Hexadecimal  [32-Bits]

Area                                    Addr        Size        Decimal Bytes (Attributes)
--------------------------------        ----        ----        ------- ----- ------------
.  .ABS.                            00000000    00000000 =           0. bytes (ABS,CON)

      Value  Global                              Global Defined In Module
      -----  --------------------------------   ------------------------
     00000007  ___bank_sprite_static_door_close   sprite_static_door_close_v6
     00000007  ___bank_sprite_static_door_close   sprite_static_door_close_v6_
     00000007  ___bank_sprite_static_furniture_   sprite_static_furniture_v1
     00000007  ___bank_sprite_static_furniture_   sprite_static_furniture_v2
     00000007  ___bank_sprite_static_furniture_   sprite_static_furniture_v2_t
     00000007  ___bank_sprite_static_gas_stove    sprite_static_gas_stove
     00000007  ___bank_sprite_static_gas_stove_   sprite_static_gas_stove_tile
     00000007  ___bank_sprite_static_grand_pap    sprite_static_grand_pap
     00000007  ___bank_sprite_static_grand_pap_   sprite_static_grand_pap_tile
     00000007  ___bank_sprite_static_mirror       sprite_static_mirror
     00000007  ___bank_sprite_static_mirror_til   sprite_static_mirror_tileset
     00000007  ___bank_sprite_static_old_phone    sprite_static_old_phone
     00000007  ___bank_sprite_static_old_phone_   sprite_static_old_phone_tile
     00000007  ___bank_sprite_static_sign         sprite_static_sign
     00000007  ___bank_sprite_static_sign_tiles   sprite_static_sign_tileset
     00000007  ___bank_sprite_static_sink         sprite_static_sink
     00000007  ___bank_sprite_static_sink_tiles   sprite_static_sink_tileset
     00000007  ___bank_sprite_static_sleep        sprite_static_sleep
     00000007  ___bank_sprite_static_sleep_tile   sprite_static_sleep_tileset
     00000007  ___bank_sprite_static_tv           sprite_static_tv
     00000007  ___bank_sprite_static_tv_tileset   sprite_static_tv_tileset
     00000007  ___bank_sprite_static_washbasin    sprite_static_washbasin
     00000007  ___bank_sprite_static_washbasin_   sprite_static_washbasin_tile
     00000007  ___bank_spritesheet_none           spritesheet_none
     00000007  ___bank_tileset_default_frame      tileset_default_frame
     00000007  ___bank_trigger_14_interact        trigger_14_interact
     00000007  ___bank_trigger_15_interact        trigger_15_interact
     00000007  ___bank_trigger_16_interact        trigger_16_interact
     00000007  ___bank_trigger_18_interact        trigger_18_interact
     00000007  ___bank_trigger_19_interact        trigger_19_interact
     00000007  ___bank_trigger_1_interact         trigger_1_interact
     00000007  ___bank_trigger_20_interact        trigger_20_interact
     00000007  ___bank_trigger_23_interact        trigger_23_interact
     00000007  ___bank_trigger_24_interact        trigger_24_interact
     00000007  ___bank_trigger_25_interact        trigger_25_interact
     00000007  ___bank_trigger_26_interact        trigger_26_interact
     00000007  ___bank_trigger_27_interact        trigger_27_interact
     00000007  ___bank_trigger_28_interact        trigger_28_interact
     00000007  ___bank_trigger_29_interact        trigger_29_interact
     00000007  ___bank_trigger_2_interact         trigger_2_interact
     00000007  ___bank_trigger_30_interact        trigger_30_interact
     00000007  ___bank_trigger_33_interact        trigger_33_interact
     00000007  ___bank_trigger_35_interact        trigger_35_interact
     00000007  ___bank_trigger_3_interact         trigger_3_interact
     00000007  ___bank_trigger_4_interact         trigger_4_interact
     00000007  ___bank_trigger_51_interact        trigger_51_interact
     00000007  ___bank_trigger_52_interact        trigger_52_interact
     00000007  ___bank_trigger_53_interact        trigger_53_interact
     00000007  ___bank_trigger_5_interact         trigger_5_interact
     00000007  ___bank_trigger_6_interact         trigger_6_interact
     00000007  b_SIO_init                         sio
ASxxxx Linker V03.00/V05.40 + sdld,  page 15.
Hexadecimal  [32-Bits]

Area                                    Addr        Size        Decimal Bytes (Attributes)
--------------------------------        ----        ----        ------- ----- ------------
.  .ABS.                            00000000    00000000 =           0. bytes (ABS,CON)

      Value  Global                              Global Defined In Module
      -----  --------------------------------   ------------------------
     00000007  b_camera_init                      camera
     00000007  b_events_init                      events
     00000007  b_input_init                       input
     00000007  b_logo_init                        logo
     00000007  b_logo_update                      logo
     00000007  b_palette_init                     palette
     00000007  b_parallax_init                    parallax
     00000007  b_remove_LCD_ISRs                  interrupts
     00000007  b_restore_sram                     flasher
     00000007  b_restore_sram_bank                flasher
     00000007  b_save_sram                        flasher
     00000007  b_scroll_rect                      
     00000007  b_timers_init                      events
     00000007  b_vm_print_detect                  vm_gbprinter
     00000007  b_vm_print_overlay                 vm_gbprinter
     00000007  b_vm_save_clear                    vm_load_save
     00000007  b_vm_save_peek                     vm_load_save
     00000007  b_vm_scene_pop                     vm_scene
     00000007  b_vm_scene_pop_all                 vm_scene
     00000007  b_vm_scene_push                    vm_scene
     00000007  b_vm_scene_stack_reset             vm_scene
     00000007  l__HEADER2                      
     00000008  ___mute_mask_sound_gbfx2_sav_16    sound_gbfx2_sav
     00000008  ___mute_mask_sound_gbfx2_sav_17    sound_gbfx2_sav
     00000008  ___mute_mask_sound_gbfx2_sav_18    sound_gbfx2_sav
     00000008  ___mute_mask_sound_gbfx2_sav_19    sound_gbfx2_sav
     00000008  ___mute_mask_sound_gbfx2_sav_20    sound_gbfx2_sav
     00000008  ___mute_mask_sound_gbfx2_sav_21    sound_gbfx2_sav
     00000008  ___mute_mask_sound_gbfx2_sav_22    sound_gbfx2_sav
     00000008  ___mute_mask_sound_gbfx2_sav_23    sound_gbfx2_sav
     00000008  ___mute_mask_sound_gbfx2_sav_24    sound_gbfx2_sav
     00000008  ___mute_mask_sound_gbfx2_sav_25    sound_gbfx2_sav
     00000008  ___mute_mask_sound_gbfx2_sav_26    sound_gbfx2_sav
     00000008  ___mute_mask_sound_gbfx2_sav_27    sound_gbfx2_sav
     00000008  ___mute_mask_sound_gbfx2_sav_28    sound_gbfx2_sav
     00000008  ___mute_mask_sound_gbfx2_sav_29    sound_gbfx2_sav
     00000008  ___mute_mask_sound_gbfx2_sav_30    sound_gbfx2_sav
     00000008  ___mute_mask_sound_gbfx2_sav_31    sound_gbfx2_sav
     00000008  ___mute_mask_sound_gbfx_sav_16     sound_gbfx_sav
     00000008  ___mute_mask_sound_gbfx_sav_17     sound_gbfx_sav
     00000008  ___mute_mask_sound_gbfx_sav_18     sound_gbfx_sav
     00000008  ___mute_mask_sound_gbfx_sav_19     sound_gbfx_sav
     00000008  ___mute_mask_sound_gbfx_sav_20     sound_gbfx_sav
     00000008  ___mute_mask_sound_gbfx_sav_21     sound_gbfx_sav
     00000008  ___mute_mask_sound_gbfx_sav_22     sound_gbfx_sav
     00000008  ___mute_mask_sound_gbfx_sav_23     sound_gbfx_sav
     00000008  ___mute_mask_sound_gbfx_sav_24     sound_gbfx_sav
     00000008  ___mute_mask_sound_gbfx_sav_25     sound_gbfx_sav
     00000008  ___mute_mask_sound_gbfx_sav_26     sound_gbfx_sav
     00000008  ___mute_mask_sound_gbfx_sav_27     sound_gbfx_sav
     00000008  ___mute_mask_sound_gbfx_sav_28     sound_gbfx_sav
ASxxxx Linker V03.00/V05.40 + sdld,  page 16.
Hexadecimal  [32-Bits]

Area                                    Addr        Size        Decimal Bytes (Attributes)
--------------------------------        ----        ----        ------- ----- ------------
.  .ABS.                            00000000    00000000 =           0. bytes (ABS,CON)

      Value  Global                              Global Defined In Module
      -----  --------------------------------   ------------------------
     00000008  ___mute_mask_sound_gbfx_sav_29     sound_gbfx_sav
     00000008  ___mute_mask_sound_gbfx_sav_30     sound_gbfx_sav
     00000008  ___mute_mask_sound_gbfx_sav_31     sound_gbfx_sav
     00000008  ___mute_mask_sound_legacy_0        sound_legacy_0
     00000008  l__HEADER3                      
     0000000A  ___mute_mask_sound_gbfx2_sav_32    sound_gbfx2_sav
     0000000A  ___mute_mask_sound_gbfx2_sav_33    sound_gbfx2_sav
     0000000A  ___mute_mask_sound_gbfx2_sav_34    sound_gbfx2_sav
     0000000A  ___mute_mask_sound_gbfx2_sav_35    sound_gbfx2_sav
     0000000A  ___mute_mask_sound_gbfx2_sav_36    sound_gbfx2_sav
     0000000A  ___mute_mask_sound_gbfx2_sav_37    sound_gbfx2_sav
     0000000A  ___mute_mask_sound_gbfx2_sav_38    sound_gbfx2_sav
     0000000A  ___mute_mask_sound_gbfx2_sav_39    sound_gbfx2_sav
     0000000A  ___mute_mask_sound_gbfx2_sav_40    sound_gbfx2_sav
     0000000A  ___mute_mask_sound_gbfx2_sav_41    sound_gbfx2_sav
     0000000A  ___mute_mask_sound_gbfx2_sav_42    sound_gbfx2_sav
     0000000A  ___mute_mask_sound_gbfx2_sav_43    sound_gbfx2_sav
     0000000A  ___mute_mask_sound_gbfx2_sav_44    sound_gbfx2_sav
     0000000A  ___mute_mask_sound_gbfx2_sav_45    sound_gbfx2_sav
     0000000A  ___mute_mask_sound_gbfx2_sav_46    sound_gbfx2_sav
     0000000A  ___mute_mask_sound_gbfx2_sav_47    sound_gbfx2_sav
     0000000A  ___mute_mask_sound_gbfx_sav_40     sound_gbfx_sav
     0000000A  ___mute_mask_sound_gbfx_sav_41     sound_gbfx_sav
     0000000A  ___mute_mask_sound_gbfx_sav_42     sound_gbfx_sav
     0000000A  ___mute_mask_sound_gbfx_sav_43     sound_gbfx_sav
     0000000A  ___mute_mask_sound_gbfx_sav_44     sound_gbfx_sav
     0000000A  ___mute_mask_sound_gbfx_sav_45     sound_gbfx_sav
     0000000A  ___mute_mask_sound_gbfx_sav_46     sound_gbfx_sav
     0000000A  ___mute_mask_sound_gbfx_sav_47     sound_gbfx_sav
     00000018  l__INITIALIZED                  
     00000018  l__INITIALIZER                  
     00000027  l__GSINIT                       
     00000030  l__HEADER7                      
     00000060  l__HEADER4                      
     000000AB  l__HEADER11                     
     000001CB  l__CRASH_SCRATCH2               
     00000200  s__CODE                         
     00000E4C  l__CODE                         
     0000104C  s__HOME                         
     00001971  l__DATA                         
     00002000  _rROMB0                            
     00002C6F  l__HOME                         
     00003000  _rROMB1                            
     0000370F  l__CODE_7                       
     00003CBB  s__BASE                         
     00003CBB  s__CODE_0                       
     00003CBB  s__INITIALIZER                  
     00003CBB  s__LIT                          
     00003CD3  s__GSINIT                       
     00003CFA  s__GSFINAL                      
     00003FFF  l__CODE_1                       
ASxxxx Linker V03.00/V05.40 + sdld,  page 17.
Hexadecimal  [32-Bits]

Area                                    Addr        Size        Decimal Bytes (Attributes)
--------------------------------        ----        ----        ------- ----- ------------
.  .ABS.                            00000000    00000000 =           0. bytes (ABS,CON)

      Value  Global                              Global Defined In Module
      -----  --------------------------------   ------------------------
     00003FFF  l__CODE_4                       
     00003FFF  l__CODE_6                       
     00004000  _RTC_SELECT_REG                    vm_rtc
     00004000  _rRAMB                             
     00004000  l__CODE_2                       
     00004000  l__CODE_3                       
     00004000  l__CODE_5                       
     00006000  _RTC_LATCH_REG                     vm_rtc
     00008000  __VRAM                             
     00008000  __VRAM8000                         
     00008800  __VRAM8800                         
     00009000  __VRAM9000                         
     00009800  __SCRN0                            
     00009C00  __SCRN1                            
     0000A000  _RTC_VALUE_REG                     vm_rtc
     0000A000  __SRAM                             
     0000C000  __RAM                              
     0000C000  _shadow_OAM                     
     0000C0A0  s__DATA                         
     0000D000  __RAMBANK                          
     0000DA11  s__BSS                          
     0000DA11  s__INITIALIZED                  
     0000DA29  s__HEAP                         
     0000DA29  s__HEAP_END                     
     0000DF00  .STACK                          
     0000DF00  _shadow_OAM2                       absolute
     0000DFA0  _BkgPalette                        absolute
     0000DFE0  _vwf_tile_data                     absolute
     0000FE00  __OAMRAM                           
     0000FF00  _P1_REG                            
     0000FF00  __IO                               
     0000FF01  _SB_REG                            
     0000FF02  _SC_REG                            
     0000FF04  _DIV_REG                           
     0000FF05  _TIMA_REG                          
     0000FF06  _TMA_REG                           
     0000FF07  _TAC_REG                           
     0000FF0F  _IF_REG                            
     0000FF10  _NR10_REG                          
     0000FF11  _NR11_REG                          
     0000FF12  _NR12_REG                          
     0000FF13  _NR13_REG                          
     0000FF14  _NR14_REG                          
     0000FF16  _NR21_REG                          
     0000FF17  _NR22_REG                          
     0000FF18  _NR23_REG                          
     0000FF19  _NR24_REG                          
     0000FF1A  _NR30_REG                          
     0000FF1B  _NR31_REG                          
     0000FF1C  _NR32_REG                          
     0000FF1D  _NR33_REG                          
ASxxxx Linker V03.00/V05.40 + sdld,  page 18.
Hexadecimal  [32-Bits]

Area                                    Addr        Size        Decimal Bytes (Attributes)
--------------------------------        ----        ----        ------- ----- ------------
.  .ABS.                            00000000    00000000 =           0. bytes (ABS,CON)

      Value  Global                              Global Defined In Module
      -----  --------------------------------   ------------------------
     0000FF1E  _NR34_REG                          
     0000FF20  _NR41_REG                          
     0000FF21  _NR42_REG                          
     0000FF22  _NR43_REG                          
     0000FF23  _NR44_REG                          
     0000FF24  _NR50_REG                          
     0000FF25  _NR51_REG                          
     0000FF26  _NR52_REG                          
     0000FF30  _AUD3WAVE                          
     0000FF30  _PCM_SAMPLE                        
     0000FF30  __AUD3WAVERAM                      
     0000FF40  _LCDC_REG                          
     0000FF41  _STAT_REG                          
     0000FF42  _SCY_REG                           
     0000FF43  _SCX_REG                           
     0000FF44  _LY_REG                            
     0000FF45  _LYC_REG                           
     0000FF46  _DMA_REG                           
     0000FF47  _BGP_REG                           
     0000FF48  _OBP0_REG                          
     0000FF49  _OBP1_REG                          
     0000FF4A  _WY_REG                            
     0000FF4B  _WX_REG                            
     0000FF4D  _KEY1_REG                          
     0000FF4F  _VBK_REG                           
     0000FF51  _HDMA1_REG                         
     0000FF52  _HDMA2_REG                         
     0000FF53  _HDMA3_REG                         
     0000FF54  _HDMA4_REG                         
     0000FF55  _HDMA5_REG                         
     0000FF56  _RP_REG                            
     0000FF68  _BCPS_REG                          
     0000FF69  _BCPD_REG                          
     0000FF6A  _OCPS_REG                          
     0000FF6B  _OCPD_REG                          
     0000FF70  _SVBK_REG                          
     0000FF76  _PCM12_REG                         
     0000FF77  _PCM34_REG                         
     0000FF80  .refresh_OAM                    
     0000FF80  __HRAM                             
     0000FFFF  _IE_REG                            
     00014000  s__CODE_1                       
     00024000  s__CODE_2                       
     00034000  s__CODE_3                       
     00044000  s__CODE_4                       
     00054000  s__CODE_5                       
     00064000  s__CODE_6                       
     00074000  s__CODE_7                       

ASxxxx Linker V03.00/V05.40 + sdld,  page 19.
Hexadecimal  [32-Bits]

Area                                    Addr        Size        Decimal Bytes (Attributes)
--------------------------------        ----        ----        ------- ----- ------------
_CODE                               00000200    00000E4C =        3660. bytes (REL,CON)

      Value  Global                              Global Defined In Module
      -----  --------------------------------   ------------------------
     00000200  ___HandleCrash                     
     0000020A  _SIO_send_byte                     
     0000021D  _SIO_receive                       
     0000022E  _GetWinAddr                        
     00000236  _GetBkgAddr                        
     00000244  _state_init                        
     00000249  _state_update                      
     0000026B  _ui_time_masks                     
     00000273  _ui_print_shift_char               
     000002F6  _ui_draw_frame_row                 
     000002FF  .ui_draw_frame_row                 
     00000328  _script_cmds                       vm_instructions
     00000560  _save_signature                    game_signature
     00000564  _start_scene_x                     
     00000566  _start_scene_y                     
     00000568  _start_scene_dir                   
     00000569  _start_scene                       
     0000056C  _start_player_move_speed           
     0000056D  _start_player_anim_tick            
     0000056E  _ui_fonts                          
     00000571  _core_reset_hook                   main
     00000579  _main                              main
     00000581  _state_start_fns                   
     00000587  _state_update_fns                  
     0000058D  _hUGE_init                         hUGEDriver_obj
     0000058F  hUGE_init                          hUGEDriver_obj
     000005E5  _hUGE_mute_channel                 hUGEDriver_obj
     000005E7  hUGE_mute_channel                  hUGEDriver_obj
     00000835  _hUGE_set_position                 hUGEDriver_obj
     00000837  hUGE_set_position                  hUGEDriver_obj
     000009FC  _hUGE_dosound                      hUGEDriver_obj
     000009FC  hUGE_dosound                       hUGEDriver_obj
     00000D28  _get_vram_byte                     
     00000D30  _get_win_tile_xy                   
     00000D38  _get_bkg_tile_xy                   
     00000D5F  _hide_sprites_range                Metasprites
     00000D8E  __mulsuchar                        mul
     00000D91  __muluschar                        mul
     00000D9A  __mulschar                         mul
     00000DA2  __mulint                           mul
     00000DC1  __muluchar                         mul
     00000DD3  _set_vram_byte                     
     00000DDC  _set_win_tile_xy                   
     00000DE5  _set_bkg_tile_xy                   
     00000E14  .sgb_check                         
     00000E14  _sgb_check                         
     00000E5C  _sgb_transfer                      
     00000E61  .sgb_transfer                      
     00000EA2  .copy_vram                         
     00000EA8  _get_data                          
ASxxxx Linker V03.00/V05.40 + sdld,  page 20.
Hexadecimal  [32-Bits]

Area                                    Addr        Size        Decimal Bytes (Attributes)
--------------------------------        ----        ----        ------- ----- ------------
_CODE                               00000200    00000E4C =        3660. bytes (REL,CON)

      Value  Global                              Global Defined In Module
      -----  --------------------------------   ------------------------
     00000EA8  _set_data                          
     00000EA8  _vmemcpy                           
     00000EF6  ___move_metasprite                 Metasprites
     00000F33  ___memcpy                          
     00000F33  _memcpy                            
     00000F65  __divsuchar                        divmod
     00000F6B  __modsuchar                        divmod
     00000F74  __divuschar                        divmod
     00000F7D  __moduschar                        divmod
     00000F89  __divschar                         divmod
     00000F8E  __modschar                         divmod
     00000F95  __divsint                          divmod
     00000F9E  __modsint                          divmod
     00000FAA  __divuchar                         divmod
     00000FAF  __moduchar                         divmod
     00000FB6  __divuint                          divmod
     00000FBF  __moduint                          divmod
     00000FCB  .div8                              divmod
     00000FCB  .mod8                              divmod
     00000FD3  .div16                             divmod
     00000FD3  .mod16                             divmod
     00001009  .divu8                             divmod
     00001009  .modu8                             divmod
     0000100C  .divu16                            divmod
     0000100C  .modu16                            divmod
ASxxxx Linker V03.00/V05.40 + sdld,  page 21.
Hexadecimal  [32-Bits]

Area                                    Addr        Size        Decimal Bytes (Attributes)
--------------------------------        ----        ----        ------- ----- ------------
_HEADER0                            00000000    00000001 =           1. bytes (ABS,CON)

      Value  Global                              Global Defined In Module
      -----  --------------------------------   ------------------------
     00000020  .call_hl                           Runtime

ASxxxx Linker V03.00/V05.40 + sdld,  page 22.
Hexadecimal  [32-Bits]

Area                                    Addr        Size        Decimal Bytes (Attributes)
--------------------------------        ----        ----        ------- ----- ------------
_HEADER1                            00000000    00000005 =           5. bytes (ABS,CON)

      Value  Global                              Global Defined In Module
      -----  --------------------------------   ------------------------
     00000028  .MemsetSmall                       Runtime

ASxxxx Linker V03.00/V05.40 + sdld,  page 23.
Hexadecimal  [32-Bits]

Area                                    Addr        Size        Decimal Bytes (Attributes)
--------------------------------        ----        ----        ------- ----- ------------
_HEADER2                            00000000    00000007 =           7. bytes (ABS,CON)

      Value  Global                              Global Defined In Module
      -----  --------------------------------   ------------------------
     00000030  .MemcpySmall                       Runtime

ASxxxx Linker V03.00/V05.40 + sdld,  page 24.
Hexadecimal  [32-Bits]

Area                                    Addr        Size        Decimal Bytes (Attributes)
--------------------------------        ----        ----        ------- ----- ------------
_HEADER3                            00000000    00000008 =           8. bytes (ABS,CON)

      Value  Global                              Global Defined In Module
      -----  --------------------------------   ------------------------
ASxxxx Linker V03.00/V05.40 + sdld,  page 25.
Hexadecimal  [32-Bits]

Area                                    Addr        Size        Decimal Bytes (Attributes)
--------------------------------        ----        ----        ------- ----- ------------
_HEADER4                            00000000    00000060 =          96. bytes (ABS,CON)

      Value  Global                              Global Defined In Module
      -----  --------------------------------   ------------------------
     00000080  .int                               Runtime
     0000008F  _wait_int_handler                  Runtime
     0000009C  __standard_VBL_handler             Runtime
     000000AB  _refresh_OAM                       Runtime
     000000CC  _set_interrupts                    Runtime

ASxxxx Linker V03.00/V05.40 + sdld,  page 26.
Hexadecimal  [32-Bits]

Area                                    Addr        Size        Decimal Bytes (Attributes)
--------------------------------        ----        ----        ------- ----- ------------
_HEADER5                            00000000    00000001 =           1. bytes (ABS,CON)

      Value  Global                              Global Defined In Module
      -----  --------------------------------   ------------------------
ASxxxx Linker V03.00/V05.40 + sdld,  page 27.
Hexadecimal  [32-Bits]

Area                                    Addr        Size        Decimal Bytes (Attributes)
--------------------------------        ----        ----        ------- ----- ------------
_HEADER6                            00000000    00000002 =           2. bytes (ABS,CON)

      Value  Global                              Global Defined In Module
      -----  --------------------------------   ------------------------
ASxxxx Linker V03.00/V05.40 + sdld,  page 28.
Hexadecimal  [32-Bits]

Area                                    Addr        Size        Decimal Bytes (Attributes)
--------------------------------        ----        ----        ------- ----- ------------
_HEADER7                            00000000    00000030 =          48. bytes (ABS,CON)

      Value  Global                              Global Defined In Module
      -----  --------------------------------   ------------------------
ASxxxx Linker V03.00/V05.40 + sdld,  page 29.
Hexadecimal  [32-Bits]

Area                                    Addr        Size        Decimal Bytes (Attributes)
--------------------------------        ----        ----        ------- ----- ------------
_HEADER8                            00000000    00000006 =           6. bytes (ABS,CON)

      Value  Global                              Global Defined In Module
      -----  --------------------------------   ------------------------
ASxxxx Linker V03.00/V05.40 + sdld,  page 30.
Hexadecimal  [32-Bits]

Area                                    Addr        Size        Decimal Bytes (Attributes)
--------------------------------        ----        ----        ------- ----- ------------
_HEADER9                            00000000    00000003 =           3. bytes (ABS,CON)

      Value  Global                              Global Defined In Module
      -----  --------------------------------   ------------------------
ASxxxx Linker V03.00/V05.40 + sdld,  page 31.
Hexadecimal  [32-Bits]

Area                                    Addr        Size        Decimal Bytes (Attributes)
--------------------------------        ----        ----        ------- ----- ------------
_HEADERa                            00000000    00000001 =           1. bytes (ABS,CON)

      Value  Global                              Global Defined In Module
      -----  --------------------------------   ------------------------
ASxxxx Linker V03.00/V05.40 + sdld,  page 32.
Hexadecimal  [32-Bits]

Area                                    Addr        Size        Decimal Bytes (Attributes)
--------------------------------        ----        ----        ------- ----- ------------
_HEADERb                            00000000    00000001 =           1. bytes (ABS,CON)

      Value  Global                              Global Defined In Module
      -----  --------------------------------   ------------------------
ASxxxx Linker V03.00/V05.40 + sdld,  page 33.
Hexadecimal  [32-Bits]

Area                                    Addr        Size        Decimal Bytes (Attributes)
--------------------------------        ----        ----        ------- ----- ------------
_HEADERc                            00000000    00000001 =           1. bytes (ABS,CON)

      Value  Global                              Global Defined In Module
      -----  --------------------------------   ------------------------
ASxxxx Linker V03.00/V05.40 + sdld,  page 34.
Hexadecimal  [32-Bits]

Area                                    Addr        Size        Decimal Bytes (Attributes)
--------------------------------        ----        ----        ------- ----- ------------
_HEADERd                            00000000    00000002 =           2. bytes (ABS,CON)

      Value  Global                              Global Defined In Module
      -----  --------------------------------   ------------------------
ASxxxx Linker V03.00/V05.40 + sdld,  page 35.
Hexadecimal  [32-Bits]

Area                                    Addr        Size        Decimal Bytes (Attributes)
--------------------------------        ----        ----        ------- ----- ------------
_HEADERe                            00000000    00000001 =           1. bytes (ABS,CON)

      Value  Global                              Global Defined In Module
      -----  --------------------------------   ------------------------
ASxxxx Linker V03.00/V05.40 + sdld,  page 36.
Hexadecimal  [32-Bits]

Area                                    Addr        Size        Decimal Bytes (Attributes)
--------------------------------        ----        ----        ------- ----- ------------
_HEADERf                            00000000    00000001 =           1. bytes (ABS,CON)

      Value  Global                              Global Defined In Module
      -----  --------------------------------   ------------------------
ASxxxx Linker V03.00/V05.40 + sdld,  page 37.
Hexadecimal  [32-Bits]

Area                                    Addr        Size        Decimal Bytes (Attributes)
--------------------------------        ----        ----        ------- ----- ------------
_HEADER10                           00000000    00000002 =           2. bytes (ABS,CON)

      Value  Global                              Global Defined In Module
      -----  --------------------------------   ------------------------
ASxxxx Linker V03.00/V05.40 + sdld,  page 38.
Hexadecimal  [32-Bits]

Area                                    Addr        Size        Decimal Bytes (Attributes)
--------------------------------        ----        ----        ------- ----- ------------
_HEADER11                           00000000    000000AB =         171. bytes (ABS,CON)

      Value  Global                              Global Defined In Module
      -----  --------------------------------   ------------------------
     00000150  .reset                             Runtime
     00000150  _reset                             Runtime
     00000157  .code_start                        Runtime
     000001B9  _exit                              Runtime
     000001BD  .wait_vbl_done                     Runtime
     000001BD  _vsync                             Runtime
     000001BD  _wait_vbl_done                     Runtime
     000001CD  .remove_VBL                        Runtime
     000001CD  _remove_VBL                        Runtime
     000001D0  .remove_int                        Runtime
     000001ED  .add_VBL                           Runtime
     000001ED  _add_VBL                           Runtime
     000001F0  .add_int                           Runtime

ASxxxx Linker V03.00/V05.40 + sdld,  page 39.
Hexadecimal  [32-Bits]

[...]
                                          [ sprite_actor_animated_gir_v_tile ]
/var/folders/06/dcbj2js154ngmm3yh5sfn9zm0000gq/T/_gbsbuild/obj/sprite_actor_animated_gir_v.rel
                                          [ sprite_actor_animated_gir_v ]
/var/folders/06/dcbj2js154ngmm3yh5sfn9zm0000gq/T/_gbsbuild/obj/sprite_actor_animated_tileset.rel
                                          [ sprite_actor_animated_tileset ]
/var/folders/06/dcbj2js154ngmm3yh5sfn9zm0000gq/T/_gbsbuild/obj/sprite_actor_animated.rel
                                          [ sprite_actor_animated ]
/var/folders/06/dcbj2js154ngmm3yh5sfn9zm0000gq/T/_gbsbuild/obj/sprite_actor_boy_tileset.rel
                                          [ sprite_actor_boy_tileset ]
/var/folders/06/dcbj2js154ngmm3yh5sfn9zm0000gq/T/_gbsbuild/obj/sprite_actor_boy.rel
                                          [ sprite_actor_boy ]
/var/folders/06/dcbj2js154ngmm3yh5sfn9zm0000gq/T/_gbsbuild/obj/sprite_actor_cat_tileset.rel
                                          [ sprite_actor_cat_tileset ]
/var/folders/06/dcbj2js154ngmm3yh5sfn9zm0000gq/T/_gbsbuild/obj/sprite_actor_cat.rel
                                          [ sprite_actor_cat ]
/var/folders/06/dcbj2js154ngmm3yh5sfn9zm0000gq/T/_gbsbuild/obj/sprite_actor_girl_tileset.rel
                                          [ sprite_actor_girl_tileset ]
/var/folders/06/dcbj2js154ngmm3yh5sfn9zm0000gq/T/_gbsbuild/obj/sprite_actor_girl.rel
                                          [ sprite_actor_girl ]
/var/folders/06/dcbj2js154ngmm3yh5sfn9zm0000gq/T/_gbsbuild/obj/sprite_actor_grass_2_tileset.rel
                                          [ sprite_actor_grass_2_tileset ]
/var/folders/06/dcbj2js154ngmm3yh5sfn9zm0000gq/T/_gbsbuild/obj/sprite_actor_grass_2.rel
                                          [ sprite_actor_grass_2 ]
/var/folders/06/dcbj2js154ngmm3yh5sfn9zm0000gq/T/_gbsbuild/obj/sprite_actor_grass_tileset.rel
                                          [ sprite_actor_grass_tileset ]
/var/folders/06/dcbj2js154ngmm3yh5sfn9zm0000gq/T/_gbsbuild/obj/sprite_actor_grass.rel
                                          [ sprite_actor_grass ]
/var/folders/06/dcbj2js154ngmm3yh5sfn9zm0000gq/T/_gbsbuild/obj/sprite_actor_handicap_man_tileset.rel
                                          [ sprite_actor_handicap_man_tilese ]
/var/folders/06/dcbj2js154ngmm3yh5sfn9zm0000gq/T/_gbsbuild/obj/sprite_actor_handicap_man.rel
                                          [ sprite_actor_handicap_man ]
/var/folders/06/dcbj2js154ngmm3yh5sfn9zm0000gq/T/_gbsbuild/obj/sprite_actor_light_tileset.rel
                                          [ sprite_actor_light_tileset ]
/var/folders/06/dcbj2js154ngmm3yh5sfn9zm0000gq/T/_gbsbuild/obj/sprite_actor_light.rel
                                          [ sprite_actor_light ]
/var/folders/06/dcbj2js154ngmm3yh5sfn9zm0000gq/T/_gbsbuild/obj/sprite_actor_music_tileset.rel
                                          [ sprite_actor_music_tileset ]
/var/folders/06/dcbj2js154ngmm3yh5sfn9zm0000gq/T/_gbsbuild/obj/sprite_actor_music.rel
                                          [ sprite_actor_music ]
/var/folders/06/dcbj2js154ngmm3yh5sfn9zm0000gq/T/_gbsbuild/obj/sprite_actor_old_man_2_tileset.rel
                                          [ sprite_actor_old_man_2_tileset ]
/var/folders/06/dcbj2js154ngmm3yh5sfn9zm0000gq/T/_gbsbuild/obj/sprite_actor_old_man_2.rel
                                          [ sprite_actor_old_man_2 ]
/var/folders/06/dcbj2js154ngmm3yh5sfn9zm0000gq/T/_gbsbuild/obj/sprite_actor_old_man_tileset.rel
                                          [ sprite_actor_old_man_tileset ]
/var/folders/06/dcbj2js154ngmm3yh5sfn9zm0000gq/T/_gbsbuild/obj/sprite_actor_old_man.rel
                                          [ sprite_actor_old_man ]
/var/folders/06/dcbj2js154ngmm3yh5sfn9zm0000gq/T/_gbsbuild/obj/sprite_actor_woman_tileset.rel
                                          [ sprite_actor_woman_tileset ]
/var/folders/06/dcbj2js154ngmm3yh5sfn9zm0000gq/T/_gbsbuild/obj/sprite_actor_woman.rel
                                          [ sprite_actor_woman ]
/var/folders/06/dcbj2js154ngmm3yh5sfn9zm0000gq/T/_gbsbuild/obj/sprite_static_bathtub_tileset.rel
                                          [ sprite_static_bathtub_tileset ]
/var/folders/06/dcbj2js154ngmm3yh5sfn9zm0000gq/T/_gbsbuild/obj/sprite_static_bathtub.rel
                                          [ sprite_static_bathtub ]
/var/folders/06/dcbj2js154ngmm3yh5sfn9zm0000gq/T/_gbsbuild/obj/sprite_static_bed_2_tileset.rel
                                          [ sprite_static_bed_2_tileset ]
/var/folders/06/dcbj2js154ngmm3yh5sfn9zm0000gq/T/_gbsbuild/obj/sprite_static_bed_2.rel
                                          [ sprite_static_bed_2 ]
/var/folders/06/dcbj2js154ngmm3yh5sfn9zm0000gq/T/_gbsbuild/obj/sprite_static_bed_tileset.rel
                                          [ sprite_static_bed_tileset ]
/var/folders/06/dcbj2js154ngmm3yh5sfn9zm0000gq/T/_gbsbuild/obj/sprite_static_bed.rel
                                          [ sprite_static_bed ]
/var/folders/06/dcbj2js154ngmm3yh5sfn9zm0000gq/T/_gbsbuild/obj/sprite_static_door_close_v1_tileset.rel
                                          [ sprite_static_door_close_v1_tile ]
/var/folders/06/dcbj2js154ngmm3yh5sfn9zm0000gq/T/_gbsbuild/obj/sprite_static_door_close_v1.rel
                                          [ sprite_static_door_close_v1 ]
/var/folders/06/dcbj2js154ngmm3yh5sfn9zm0000gq/T/_gbsbuild/obj/sprite_static_door_close_v2_tileset.rel
                                          [ sprite_static_door_close_v2_tile ]
/var/folders/06/dcbj2js154ngmm3yh5sfn9zm0000gq/T/_gbsbuild/obj/sprite_static_door_close_v2.rel
                                          [ sprite_static_door_close_v2 ]
/var/folders/06/dcbj2js154ngmm3yh5sfn9zm0000gq/T/_gbsbuild/obj/sprite_static_door_close_v3_tileset.rel
                                          [ sprite_static_door_close_v3_tile ]
/var/folders/06/dcbj2js154ngmm3yh5sfn9zm0000gq/T/_gbsbuild/obj/sprite_static_door_close_v3.rel
                                          [ sprite_static_door_close_v3 ]
/var/folders/06/dcbj2js154ngmm3yh5sfn9zm0000gq/T/_gbsbuild/obj/sprite_static_door_close_v4_tileset.rel
                                          [ sprite_static_door_close_v4_tile ]
/var/folders/06/dcbj2js154ngmm3yh5sfn9zm0000gq/T/_gbsbuild/obj/sprite_static_door_close_v4.rel
                                          [ sprite_static_door_close_v4 ]
/var/folders/06/dcbj2js154ngmm3yh5sfn9zm0000gq/T/_gbsbuild/obj/sprite_static_door_close_v5_tileset.rel
                                          [ sprite_static_door_close_v5_tile ]
/var/folders/06/dcbj2js154ngmm3yh5sfn9zm0000gq/T/_gbsbuild/obj/sprite_static_door_close_v5.rel
                                          [ sprite_static_door_close_v5 ]
/var/folders/06/dcbj2js154ngmm3yh5sfn9zm0000gq/T/_gbsbuild/obj/sprite_static_door_close_v6_tileset.rel
                                          [ sprite_static_door_close_v6_tile ]
/var/folders/06/dcbj2js154ngmm3yh5sfn9zm0000gq/T/_gbsbuild/obj/sprite_static_door_close_v6.rel
                                          [ sprite_static_door_close_v6 ]
/var/folders/06/dcbj2js154ngmm3yh5sfn9zm0000gq/T/_gbsbuild/obj/sprite_static_furniture_v1_tileset.rel
                                          [ sprite_static_furniture_v1_tiles ]
/var/folders/06/dcbj2js154ngmm3yh5sfn9zm0000gq/T/_gbsbuild/obj/sprite_static_furniture_v1.rel
                                          [ sprite_static_furniture_v1 ]
/var/folders/06/dcbj2js154ngmm3yh5sfn9zm0000gq/T/_gbsbuild/obj/sprite_static_furniture_v2_tileset.rel
                                          [ sprite_static_furniture_v2_tiles ]
/var/folders/06/dcbj2js154ngmm3yh5sfn9zm0000gq/T/_gbsbuild/obj/sprite_static_furniture_v2.rel
                                          [ sprite_static_furniture_v2 ]
/var/folders/06/dcbj2js154ngmm3yh5sfn9zm0000gq/T/_gbsbuild/obj/sprite_static_gas_stove_tileset.rel
                                          [ sprite_static_gas_stove_tileset ]
/var/folders/06/dcbj2js154ngmm3yh5sfn9zm0000gq/T/_gbsbuild/obj/sprite_static_gas_stove.rel
                                          [ sprite_static_gas_stove ]
/var/folders/06/dcbj2js154ngmm3yh5sfn9zm0000gq/T/_gbsbuild/obj/sprite_static_grand_pap_tileset.rel
                                          [ sprite_static_grand_pap_tileset ]
/var/folders/06/dcbj2js154ngmm3yh5sfn9zm0000gq/T/_gbsbuild/obj/sprite_static_grand_pap.rel
                                          [ sprite_static_grand_pap ]
/var/folders/06/dcbj2js154ngmm3yh5sfn9zm0000gq/T/_gbsbuild/obj/sprite_static_mirror_tileset.rel
                                          [ sprite_static_mirror_tileset ]
/var/folders/06/dcbj2js154ngmm3yh5sfn9zm0000gq/T/_gbsbuild/obj/sprite_static_mirror.rel
                                          [ sprite_static_mirror ]
/var/folders/06/dcbj2js154ngmm3yh5sfn9zm0000gq/T/_gbsbuild/obj/sprite_static_old_phone_tileset.rel
                                          [ sprite_static_old_phone_tileset ]
/var/folders/06/dcbj2js154ngmm3yh5sfn9zm0000gq/T/_gbsbuild/obj/sprite_static_old_phone.rel
                                          [ sprite_static_old_phone ]
/var/folders/06/dcbj2js154ngmm3yh5sfn9zm0000gq/T/_gbsbuild/obj/sprite_static_sign_tileset.rel
                                          [ sprite_static_sign_tileset ]
/var/folders/06/dcbj2js154ngmm3yh5sfn9zm0000gq/T/_gbsbuild/obj/sprite_static_sign.rel
                                          [ sprite_static_sign ]
/var/folders/06/dcbj2js154ngmm3yh5sfn9zm0000gq/T/_gbsbuild/obj/sprite_static_sink_tileset.rel
                                          [ sprite_static_sink_tileset ]
/var/folders/06/dcbj2js154ngmm3yh5sfn9zm0000gq/T/_gbsbuild/obj/sprite_static_sink.rel
                                          [ sprite_static_sink ]
/var/folders/06/dcbj2js154ngmm3yh5sfn9zm0000gq/T/_gbsbuild/obj/sprite_static_sleep_tileset.rel
                                          [ sprite_static_sleep_tileset ]
/var/folders/06/dcbj2js154ngmm3yh5sfn9zm0000gq/T/_gbsbuild/obj/sprite_static_sleep.rel
                                          [ sprite_static_sleep ]
/var/folders/06/dcbj2js154ngmm3yh5sfn9zm0000gq/T/_gbsbuild/obj/sprite_static_tv_tileset.rel
                                          [ sprite_static_tv_tileset ]
/var/folders/06/dcbj2js154ngmm3yh5sfn9zm0000gq/T/_gbsbuild/obj/sprite_static_tv.rel
                                          [ sprite_static_tv ]
/var/folders/06/dcbj2js154ngmm3yh5sfn9zm0000gq/T/_gbsbuild/obj/sprite_static_washbasin_tileset.rel
                                          [ sprite_static_washbasin_tileset ]
/var/folders/06/dcbj2js154ngmm3yh5sfn9zm0000gq/T/_gbsbuild/obj/sprite_static_washbasin.rel
                                          [ sprite_static_washbasin ]
/var/folders/06/dcbj2js154ngmm3yh5sfn9zm0000gq/T/_gbsbuild/obj/spritesheet_none.rel
                                          [ spritesheet_none ]
/var/folders/06/dcbj2js154ngmm3yh5sfn9zm0000gq/T/_gbsbuild/obj/tileset_default_frame.rel
                                          [ tileset_default_frame ]
/var/folders/06/dcbj2js154ngmm3yh5sfn9zm0000gq/T/_gbsbuild/obj/trigger_0_interact.rel
                                          [ trigger_0_interact ]
/var/folders/06/dcbj2js154ngmm3yh5sfn9zm0000gq/T/_gbsbuild/obj/trigger_1_interact.rel
                                          [ trigger_1_interact ]
/var/folders/06/dcbj2js154ngmm3yh5sfn9zm0000gq/T/_gbsbuild/obj/trigger_14_interact.rel
                                          [ trigger_14_interact ]
/var/folders/06/dcbj2js154ngmm3yh5sfn9zm0000gq/T/_gbsbuild/obj/trigger_15_interact.rel
                                          [ trigger_15_interact ]
/var/folders/06/dcbj2js154ngmm3yh5sfn9zm0000gq/T/_gbsbuild/obj/trigger_16_interact.rel
                                          [ trigger_16_interact ]
/var/folders/06/dcbj2js154ngmm3yh5sfn9zm0000gq/T/_gbsbuild/obj/trigger_18_interact.rel
                                          [ trigger_18_interact ]
/var/folders/06/dcbj2js154ngmm3yh5sfn9zm0000gq/T/_gbsbuild/obj/trigger_19_interact.rel
                                          [ trigger_19_interact ]
/var/folders/06/dcbj2js154ngmm3yh5sfn9zm0000gq/T/_gbsbuild/obj/trigger_2_interact.rel
                                          [ trigger_2_interact ]
/var/folders/06/dcbj2js154ngmm3yh5sfn9zm0000gq/T/_gbsbuild/obj/trigger_20_interact.rel
                                          [ trigger_20_interact ]
/var/folders/06/dcbj2js154ngmm3yh5sfn9zm0000gq/T/_gbsbuild/obj/trigger_21_interact.rel
                                          [ trigger_21_interact ]
/var/folders/06/dcbj2js154ngmm3yh5sfn9zm0000gq/T/_gbsbuild/obj/trigger_23_interact.rel
                                          [ trigger_23_interact ]
/var/folders/06/dcbj2js154ngmm3yh5sfn9zm0000gq/T/_gbsbuild/obj/trigger_24_interact.rel
                                          [ trigger_24_interact ]
/var/folders/06/dcbj2js154ngmm3yh5sfn9zm0000gq/T/_gbsbuild/obj/trigger_25_interact.rel
                                          [ trigger_25_interact ]
/var/folders/06/dcbj2js154ngmm3yh5sfn9zm0000gq/T/_gbsbuild/obj/trigger_26_interact.rel
                                          [ trigger_26_interact ]
/var/folders/06/dcbj2js154ngmm3yh5sfn9zm0000gq/T/_gbsbuild/obj/trigger_27_interact.rel
                                          [ trigger_27_interact ]
/var/folders/06/dcbj2js154ngmm3yh5sfn9zm0000gq/T/_gbsbuild/obj/trigger_28_interact.rel
                                          [ trigger_28_interact ]
/var/folders/06/dcbj2js154ngmm3yh5sfn9zm0000gq/T/_gbsbuild/obj/trigger_29_interact.rel
                                          [ trigger_29_interact ]
/var/folders/06/dcbj2js154ngmm3yh5sfn9zm0000gq/T/_gbsbuild/obj/trigger_3_interact.rel
                                          [ trigger_3_interact ]
/var/folders/06/dcbj2js154ngmm3yh5sfn9zm0000gq/T/_gbsbuild/obj/trigger_30_interact.rel
                                          [ trigger_30_interact ]
/var/folders/06/dcbj2js154ngmm3yh5sfn9zm0000gq/T/_gbsbuild/obj/trigger_33_interact.rel
                                          [ trigger_33_interact ]
/var/folders/06/dcbj2js154ngmm3yh5sfn9zm0000gq/T/_gbsbuild/obj/trigger_34_interact.rel
                                          [ trigger_34_interact ]
/var/folders/06/dcbj2js154ngmm3yh5sfn9zm0000gq/T/_gbsbuild/obj/trigger_35_interact.rel
                                          [ trigger_35_interact ]
/var/folders/06/dcbj2js154ngmm3yh5sfn9zm0000gq/T/_gbsbuild/obj/trigger_4_interact.rel
                                          [ trigger_4_interact ]
/var/folders/06/dcbj2js154ngmm3yh5sfn9zm0000gq/T/_gbsbuild/obj/trigger_5_interact.rel
                                          [ trigger_5_interact ]
/var/folders/06/dcbj2js154ngmm3yh5sfn9zm0000gq/T/_gbsbuild/obj/trigger_51_interact.rel
                                          [ trigger_51_interact ]
/var/folders/06/dcbj2js154ngmm3yh5sfn9zm0000gq/T/_gbsbuild/obj/trigger_52_interact.rel
                                          [ trigger_52_interact ]
/var/folders/06/dcbj2js154ngmm3yh5sfn9zm0000gq/T/_gbsbuild/obj/trigger_53_interact.rel
                                          [ trigger_53_interact ]
/var/folders/06/dcbj2js154ngmm3yh5sfn9zm0000gq/T/_gbsbuild/obj/trigger_6_interact.rel
                                          [ trigger_6_interact ]
/var/folders/06/dcbj2js154ngmm3yh5sfn9zm0000gq/T/_gbsbuild/obj/main.rel
                                          [ main ]
/var/folders/06/dcbj2js154ngmm3yh5sfn9zm0000gq/T/_gbsbuild/obj/logo.rel
                                          [ logo ]
/var/folders/06/dcbj2js154ngmm3yh5sfn9zm0000gq/T/_gbsbuild/obj/states_ptrs.rel
                                          [  ]
/var/folders/06/dcbj2js154ngmm3yh5sfn9zm0000gq/T/_gbsbuild/obj/topdown.rel
                                          [ topdown ]


Libraries Linked                          [ object file ]

/var/folders/06/dcbj2js154ngmm3yh5sfn9zm0000gq/T/_gbstools/gbdk/lib/gb/gb.lib
                                          [ fill_rect_wi.o ]
/var/folders/06/dcbj2js154ngmm3yh5sfn9zm0000gq/T/_gbstools/gbdk/lib/sm83/sm83.lib
                                          [ rand.o ]
lib/hUGEDriver.lib                        [ hUGEDriver.o ]
/var/folders/06/dcbj2js154ngmm3yh5sfn9zm0000gq/T/_gbstools/gbdk/lib/gb/gb.lib
                                          [ sfr.o ]
/var/folders/06/dcbj2js154ngmm3yh5sfn9zm0000gq/T/_gbstools/gbdk/lib/gb/gb.lib
                                          [ get_data.o ]
/var/folders/06/dcbj2js154ngmm3yh5sfn9zm0000gq/T/_gbstools/gbdk/lib/gb/gb.lib
                                          [ get_tile.o ]
/var/folders/06/dcbj2js154ngmm3yh5sfn9zm0000gq/T/_gbstools/gbdk/lib/gb/gb.lib
                                          [ metasprites_hide_spr.o ]
/var/folders/06/dcbj2js154ngmm3yh5sfn9zm0000gq/T/_gbstools/gbdk/lib/sm83/sm83.lib
                                          [ mul.o ]
/var/folders/06/dcbj2js154ngmm3yh5sfn9zm0000gq/T/_gbstools/gbdk/lib/gb/gb.lib
                                          [ set_tile.o ]
/var/folders/06/dcbj2js154ngmm3yh5sfn9zm0000gq/T/_gbstools/gbdk/lib/sm83/sm83.lib
                                          [ abs.o ]
/var/folders/06/dcbj2js154ngmm3yh5sfn9zm0000gq/T/_gbstools/gbdk/lib/gb/gb.lib
                                          [ set_wi_t.o ]
/var/folders/06/dcbj2js154ngmm3yh5sfn9zm0000gq/T/_gbstools/gbdk/lib/gb/gb.lib
                                          [ set_data.o ]
/var/folders/06/dcbj2js154ngmm3yh5sfn9zm0000gq/T/_gbstools/gbdk/lib/sm83/sm83.lib
                                          [ reverse.o ]
/var/folders/06/dcbj2js154ngmm3yh5sfn9zm0000gq/T/_gbstools/gbdk/lib/gb/gb.lib
                                          [ far_ptr.o ]
/var/folders/06/dcbj2js154ngmm3yh5sfn9zm0000gq/T/_gbstools/gbdk/lib/gb/gb.lib
                                          [ sgb.o ]
/var/folders/06/dcbj2js154ngmm3yh5sfn9zm0000gq/T/_gbstools/gbdk/lib/gb/gb.lib
                                          [ lcd.o ]
/var/folders/06/dcbj2js154ngmm3yh5sfn9zm0000gq/T/_gbstools/gbdk/lib/gb/gb.lib
                                          [ fill_rect.o ]
/var/folders/06/dcbj2js154ngmm3yh5sfn9zm0000gq/T/_gbstools/gbdk/lib/gb/gb.lib
                                          [ cpy_data.o ]
/var/folders/06/dcbj2js154ngmm3yh5sfn9zm0000gq/T/_gbstools/gbdk/lib/gb/gb.lib
                                          [ fill_rect_bk.o ]
/var/folders/06/dcbj2js154ngmm3yh5sfn9zm0000gq/T/_gbstools/gbdk/lib/gb/gb.lib
                                          [ pad.o ]
/var/folders/06/dcbj2js154ngmm3yh5sfn9zm0000gq/T/_gbstools/gbdk/lib/gb/gb.lib
                                          [ metasprites.o ]
/var/folders/06/dcbj2js154ngmm3yh5sfn9zm0000gq/T/_gbstools/gbdk/lib/sm83/sm83.lib
                                          [ __sdcc_call_hl.o ]
/var/folders/06/dcbj2js154ngmm3yh5sfn9zm0000gq/T/_gbstools/gbdk/lib/sm83/sm83.lib
                                          [ memcpy.o ]
/var/folders/06/dcbj2js154ngmm3yh5sfn9zm0000gq/T/_gbstools/gbdk/lib/sm83/sm83.lib
                                          [ _memset.o ]
/var/folders/06/dcbj2js154ngmm3yh5sfn9zm0000gq/T/_gbstools/gbdk/lib/gb/gb.lib
                                          [ set_xy_t.o ]
/var/folders/06/dcbj2js154ngmm3yh5sfn9zm0000gq/T/_gbstools/gbdk/lib/gb/gb.lib
                                          [ ___sdcc_bcall_ehl.o ]
/var/folders/06/dcbj2js154ngmm3yh5sfn9zm0000gq/T/_gbstools/gbdk/lib/sm83/sm83.lib
                                          [ div.o ]
/var/folders/06/dcbj2js154ngmm3yh5sfn9zm0000gq/T/_gbstools/gbdk/lib/gb/gb.lib
                                          [ set_bk_t.o ]

ASxxxx Linker V03.00/V05.40 + sdld,  page 83.

User Base Address Definitions

_DATA=0xC0A0
_CODE=0x0200
ASxxxx Linker V03.00/V05.40 + sdld,  page 84.

User Global Definitions

.STACK=0xDF00
_shadow_OAM=0xC000
.refresh_OAM=0xFF80
__start_save=4

